Microchip MPLAB XC8 Compiler V2.31

Linker command line:

-W-3 --edf=C:\Program Files\Microchip\xc8\v2.31\pic\dat\en_msgs.txt -cn \
  -h+dist/default/production\Brazo_PF.X.production.sym \
  --cmf=dist/default/production\Brazo_PF.X.production.cmf -z -Q16F887 \
  -oC:\Users\ANDYBO~1\AppData\Local\Temp\sfgo.2 --defsym=__MPLAB_BUILD=1 \
  -Mdist/default/production/Brazo_PF.X.production.map -E1 -ver=XC8 Compiler \
  --acfsm=1493 -ASTACK=0110h-016Fh -pstack=STACK -ACODE=00h-07FFhx4 \
  -ASTRCODE=00h-01FFFh -ASTRING=00h-0FFhx32 -ACONST=00h-0FFhx32 \
  -AENTRY=00h-0FFhx32 -ACOMMON=070h-07Fh -ABANK0=020h-06Fh \
  -ABANK1=0A0h-0EFh -ABANK2=0110h-016Fh -ABANK3=0190h-01EFh \
  -ARAM=020h-06Fh,0A0h-0EFh,0110h-016Fh,0190h-01EFh \
  -AABS1=020h-07Fh,0A0h-0EFh,0110h-016Fh,0190h-01EFh -ASFR0=00h-01Fh \
  -ASFR1=080h-09Fh -ASFR2=0100h-010Fh -ASFR3=0180h-018Fh \
  -ACONFIG=02007h-02008h -DCONFIG=2 -AIDLOC=02000h-02003h -DIDLOC=2 \
  -AEEDATA=00h-0FFh/02100h -peeprom_data=EEDATA -DEEDATA=2 -DCODE=2 \
  -DSTRCODE=2 -DSTRING=2 -DCONST=2 -DENTRY=2 \
  -preset_vec=00h,intentry=04h,init,end_init -ppowerup=CODE -pcinit=CODE \
  -pfunctab=ENTRY -k C:\Users\ANDYBO~1\AppData\Local\Temp\sfgo.o \
  dist/default/production\Brazo_PF.X.production.o 

Object code version is 3.11

Machine type is 16F887



                Name                               Link     Load   Length Selector   Space Scale
C:\Users\ANDYBO~1\AppData\Local\Temp\sfgo.o
                end_init                              C        C        3        8       0
                reset_vec                             0        0        3        0       0
                config                             2007     2007        2        0       4
dist/default/production\Brazo_PF.X.production.o
                cinit                                 F        F       1B        8       0
                functab                              2A       2A        6       54       0
                intentry                              4        4        8        8       0
                config                             2007     2007        2        0       4
                text11                              4BF      4BF        7      566       0
                text10                              4B2      4B2        D      566       0
                text9                               47A      47A       1F      566       0
                text8                               44A      44A       30      566       0
                text7                               41A      41A       30      566       0
                text6                               3E6      3E6       34      566       0
                text5                               3B2      3B2       34      566       0
                text4                               37E      37E       34      566       0
                text3                               34A      34A       34      566       0
                text2                               2B3      2B3       97      566       0
                text1                               499      499       19      566       0
                maintext                             30       30      181       60       0
                cstackBANK0                          2E       2E        2       20       1
                cstackCOMMON                         77       77        5       70       1
                bssBANK0                             20       20        E       20       1
                bssCOMMON                            70       70        7       70       1
                strings                             200      200       B3      400       0

TOTAL           Name                               Link     Load   Length     Space
        CLASS   STACK          

        CLASS   CODE           
                end_init                              C        C        3         0
                cinit                                 F        F       1B         0
                intentry                              4        4        8         0
                reset_vec                             0        0        3         0
                text11                              4BF      4BF        7         0
                text10                              4B2      4B2        D         0
                text9                               47A      47A       1F         0
                text8                               44A      44A       30         0
                text7                               41A      41A       30         0
                text6                               3E6      3E6       34         0
                text5                               3B2      3B2       34         0
                text4                               37E      37E       34         0
                text3                               34A      34A       34         0
                text2                               2B3      2B3       97         0
                text1                               499      499       19         0
                maintext                             30       30      181         0

        CLASS   STRCODE        

        CLASS   STRING         
                strings                             200      200       B3         0

        CLASS   CONST          

        CLASS   ENTRY          
                functab                              2A       2A        6         0

        CLASS   COMMON         
                cstackCOMMON                         77       77        5         1
                bssCOMMON                            70       70        7         1

        CLASS   BANK0          
                cstackBANK0                          2E       2E        2         1
                bssBANK0                             20       20        E         1

        CLASS   BANK1          

        CLASS   BANK2          

        CLASS   BANK3          

        CLASS   RAM            

        CLASS   ABS1           
                abs_s1                               7E       7E        2         1

        CLASS   SFR0           

        CLASS   SFR1           

        CLASS   SFR2           

        CLASS   SFR3           

        CLASS   CONFIG         
                config                             2007     2007        2         4

        CLASS   IDLOC          

        CLASS   EEDATA         



SEGMENTS        Name                           Load    Length   Top    Selector   Space  Class     Delta

                reset_vec                      000000  000003  000003         0       0  CODE        2
                intentry                       000004  000026  00002A         8       0  CODE        2
                bssBANK0                       000020  000010  000030        20       1  BANK0       1
                functab                        00002A  000006  000030        54       0  ENTRY       2
                maintext                       000030  000181  0001B1        60       0  CODE        2
                bssCOMMON                      000070  00000C  00007C        70       1  COMMON      1
                strings                        000200  0000B3  0002B3       400       0  STRING      2
                text2                          0002B3  000213  0004C6       566       0  CODE        2


UNUSED ADDRESS RANGES

        Name                Unused          Largest block    Delta
        BANK0            0030-006F             40           1
        BANK1            00A0-00EF             50           1
        BANK2            0110-016F             60           1
        BANK3            0190-01EF             60           1
        CODE             0003-0003              1           2
                         01B1-01FF             4F
                         04C6-1FFF            800
        COMMON           007C-007D              2           1
        CONST            0003-0003              1           2
                         01B1-01FF             4F
                         04C6-1FFF            100
        EEDATA           2100-21FF            100           2
        ENTRY            0003-0003              1           2
                         01B1-01FF             4F
                         04C6-1FFF            100
        IDLOC            2000-2003              4           2
        RAM              0030-006F             40           1
                         00A0-00EF             50
                         0110-016F             60
                         0190-01EF             60
        SFR0             0000-001F             20           1
        SFR1             0080-009F             20           1
        SFR2             0100-010F             10           1
        SFR3             0180-018F             10           1
        STACK            0110-016F             60           1
        STRCODE          0003-0003              1           2
                         01B1-01FF             4F
                         04C6-1FFF           1B3A
        STRING           0003-0003              1           2
                         01B1-01FF             4F
                         04C6-1FFF            100

                                  Symbol Table

USART_Cadena@str         cstackCOMMON 007B
_ADCON0bits              (abs)        001F
_ADCON1bits              (abs)        009F
_ADRESH                  (abs)        001E
_ANSELbits               (abs)        0188
_BAUDCTLbits             (abs)        0187
_CCP1CONbits             (abs)        0017
_CCP2CONbits             (abs)        001D
_CCPR1L                  (abs)        0015
_CCPR2L                  (abs)        001B
_EEADR                   (abs)        010D
_EECON1bits              (abs)        018C
_EECON2                  (abs)        018D
_EEDATA                  (abs)        010C
_INTCONbits              (abs)        000B
_OPTION_REGbits          (abs)        0081
_OSCCONbits              (abs)        008F
_PIE1bits                (abs)        008C
_PIR1bits                (abs)        000C
_PIR2bits                (abs)        000D
_PORTA                   (abs)        0005
_PORTB                   (abs)        0006
_PORTBbits               (abs)        0006
_PORTC                   (abs)        0007
_PORTD                   (abs)        0008
_PORTDbits               (abs)        0008
_PORTE                   (abs)        0009
_PR2                     (abs)        0092
_RCREG                   (abs)        001A
_RCSTAbits               (abs)        0018
_SPBRG                   (abs)        0099
_SPBRGH                  (abs)        009A
_T1CONbits               (abs)        0010
_T2CONbits               (abs)        0012
_TMR0                    (abs)        0001
_TMR1H                   (abs)        000F
_TMR1L                   (abs)        000E
_TRISAbits               (abs)        0085
_TRISBbits               (abs)        0086
_TRISCbits               (abs)        0087
_TRISDbits               (abs)        0088
_TRISE                   (abs)        0089
_TXREG                   (abs)        0019
_TXSTAbits               (abs)        0098
_USART_Cadena            text9        047A
__Habs1                  abs1         0060
__Hbank0                 bank0        0060
__Hbank1                 bank1        0060
__Hbank2                 bank2        0060
__Hbank3                 bank3        0060
__HbssBANK0              bssBANK0     0060
__HbssCOMMON             bssCOMMON    0060
__Hcinit                 cinit        002A
__Hclrtext               clrtext      0060
__Hcode                  code         0060
__Hcommon                common       0060
__Hconfig                config       2009
__HcstackBANK0           cstackBANK0  0060
__HcstackCOMMON          cstackCOMMON 0060
__Heeprom_data           eeprom_data  0000
__Hend_init              end_init     000F
__Hfunctab               functab      0030
__Hinit                  init         000C
__Hintentry              intentry     000C
__Hmaintext              maintext     0060
__Hpowerup               powerup      0000
__Hram                   ram          0060
__Hreset_vec             reset_vec    0003
__Hsfr0                  sfr0         0060
__Hsfr1                  sfr1         0060
__Hsfr2                  sfr2         0060
__Hsfr3                  sfr3         0060
__Hspace_0               (abs)        04C6
__Hspace_1               (abs)        007C
__Hspace_2               (abs)        0000
__Hspace_3               (abs)        0000
__Hspace_4               (abs)        4010
__Hstack                 stack        0000
__Hstrings               strings      0060
__Htext                  text         0060
__Labs1                  abs1         0060
__Lbank0                 bank0        0060
__Lbank1                 bank1        0060
__Lbank2                 bank2        0060
__Lbank3                 bank3        0060
__LbssBANK0              bssBANK0     0060
__LbssCOMMON             bssCOMMON    0060
__Lcinit                 cinit        000F
__Lclrtext               clrtext      0060
__Lcode                  code         0060
__Lcommon                common       0060
__Lconfig                config       0000
__LcstackBANK0           cstackBANK0  0060
__LcstackCOMMON          cstackCOMMON 0060
__Leeprom_data           eeprom_data  0000
__Lend_init              end_init     000C
__Lfunctab               functab      002A
__Linit                  init         000C
__Lintentry              intentry     0004
__Lmaintext              maintext     0060
__Lpowerup               powerup      0000
__Lram                   ram          0060
__Lreset_vec             reset_vec    0000
__Lsfr0                  sfr0         0060
__Lsfr1                  sfr1         0060
__Lsfr2                  sfr2         0060
__Lsfr3                  sfr3         0060
__Lspace_0               (abs)        0000
__Lspace_1               (abs)        0000
__Lspace_2               (abs)        0000
__Lspace_3               (abs)        0000
__Lspace_4               (abs)        0000
__Lstack                 stack        0000
__Lstrings               strings      0060
__Ltext                  text         0060
__S0                     (abs)        04C6
__S1                     (abs)        007C
__S2                     (abs)        0000
__S3                     (abs)        0000
___int_sp                stack        0000
___latbits               (abs)        0002
___sp                    stack        0000
___stackhi               (abs)        0000
___stacklo               (abs)        0000
__end_of_USART_Cadena    text9        0499
__end_of__fptable        functab      0030
__end_of__initialization cinit        0026
__end_of__stringtab      strings      0206
__end_of_data            strings      0207
__end_of_isr             text11       04C6
__end_of_main            maintext     01B1
__end_of_servo1_18       text8        047A
__end_of_servo1_19       text7        044A
__end_of_servo2_18       text6        041A
__end_of_servo2_19       text5        03E6
__end_of_servo3_18       text4        03B2
__end_of_servo3_19       text3        037E
__end_of_setup           text2        034A
__end_of_transmision_tx  text10       04BF
__end_of_writeToEEPROM   text1        04B2
__fptable                functab      002A
__initialization         cinit        000F
__pbssBANK0              bssBANK0     0020
__pbssCOMMON             bssCOMMON    0070
__pcstackBANK0           cstackBANK0  002E
__pcstackCOMMON          cstackCOMMON 0077
__pfunctab               functab      002A
__pintentry              intentry     0004
__pmaintext              maintext     0030
__pstrings               strings      0200
__ptext1                 text1        0499
__ptext10                text10       04B2
__ptext11                text11       04BF
__ptext2                 text2        02B3
__ptext3                 text3        034A
__ptext4                 text4        037E
__ptext5                 text5        03B2
__ptext6                 text6        03E6
__ptext7                 text7        041A
__ptext8                 text8        044A
__ptext9                 text9        047A
__size_of_USART_Cadena   (abs)        0000
__size_of__fptable       (abs)        0000
__size_of_isr            (abs)        0000
__size_of_main           (abs)        0000
__size_of_servo1_18      (abs)        0000
__size_of_servo1_19      (abs)        0000
__size_of_servo2_18      (abs)        0000
__size_of_servo2_19      (abs)        0000
__size_of_servo3_18      (abs)        0000
__size_of_servo3_19      (abs)        0000
__size_of_setup          (abs)        0000
__size_of_transmision_tx (abs)        0000
__size_of_writeToEEPROM  (abs)        0000
__stringbase             strings      0205
__stringtab              strings      0200
_dato_recibido           bssCOMMON    0076
_isr                     text11       04BF
_main                    maintext     0030
_recepcion_rx            (abs)        0000
_servo1_1                bssCOMMON    0072
_servo1_18               text8        044A
_servo1_19               text7        041A
_servo1_2                bssCOMMON    0070
_servo2_1                bssBANK0     0028
_servo2_18               text6        03E6
_servo2_19               text5        03B2
_servo2_2                bssBANK0     0026
_servo3_1                bssBANK0     0024
_servo3_18               text4        037E
_servo3_19               text3        034A
_servo3_2                bssBANK0     0022
_setup                   text2        02B3
_transmision_tx          text10       04B2
_writeToEEPROM           text1        0499
_x                       bssCOMMON    0074
btemp                    (abs)        007E
end_of_initialization    cinit        0026
fpbase                   functab      002F
fptable                  functab      002A
fptotal                  (abs)        0001
interrupt_function       intentry     0004
intlevel0                functab      002A
intlevel1                functab      002A
intlevel2                functab      002A
intlevel3                functab      002A
intlevel4                functab      002A
intlevel5                functab      002A
reset_vec                reset_vec    0000
saved_w                  (abs)        007E
start                    init         000C
start_initialization     cinit        000F
transmision_tx@data      cstackCOMMON 0079
writeToEEPROM@address    cstackCOMMON 0079
writeToEEPROM@data       cstackCOMMON 007B
wtemp0                   (abs)        007E


FUNCTION INFORMATION:

 *************** function _main *****************
 Defined at:
		line 105 in file "main_brazo.c"
 Parameters:    Size  Location     Type
		None
 Auto vars:     Size  Location     Type
		None
 Return value:  Size  Location     Type
                  1    wreg      void 
 Registers used:
		wreg, fsr0l, fsr0h, status,2, status,0, btemp+1, pclath, cstack
 Tracked objects:
		On entry : 
		On exit  : 
		Unchanged: 
 Data sizes:     COMMON   BANK0   BANK1   BANK3   BANK2
      Params:         0       0       0       0       0
      Locals:         0       0       0       0       0
      Temps:          0       2       0       0       0
      Totals:         0       2       0       0       0
Total ram usage:        2 bytes
 Hardware stack levels required when called:    3
 This function calls:
		_USART_Cadena
		_servo1_18
		_servo1_19
		_servo2_18
		_servo2_19
		_servo3_18
		_servo3_19
		_setup
		_transmision_tx
		_writeToEEPROM
 This function is called by:
		Startup code after reset
 This function uses a non-reentrant model


 *************** function _writeToEEPROM *****************
 Defined at:
		line 480 in file "main_brazo.c"
 Parameters:    Size  Location     Type
  data            1    wreg     unsigned char 
  address         2    2[COMMON] int 
 Auto vars:     Size  Location     Type
  data            1    4[COMMON] unsigned char 
 Return value:  Size  Location     Type
                  1    wreg      void 
 Registers used:
		wreg
 Tracked objects:
		On entry : 
		On exit  : 
		Unchanged: 
 Data sizes:     COMMON   BANK0   BANK1   BANK3   BANK2
      Params:         2       0       0       0       0
      Locals:         1       0       0       0       0
      Temps:          0       0       0       0       0
      Totals:         3       0       0       0       0
Total ram usage:        3 bytes
 Hardware stack levels used:    1
 Hardware stack levels required when called:    1
 This function calls:
		Nothing
 This function is called by:
		_main
 This function uses a non-reentrant model


 *************** function _setup *****************
 Defined at:
		line 250 in file "main_brazo.c"
 Parameters:    Size  Location     Type
		None
 Auto vars:     Size  Location     Type
		None
 Return value:  Size  Location     Type
                  1    wreg      void 
 Registers used:
		wreg, status,2, status,0
 Tracked objects:
		On entry : 
		On exit  : 
		Unchanged: 
 Data sizes:     COMMON   BANK0   BANK1   BANK3   BANK2
      Params:         0       0       0       0       0
      Locals:         0       0       0       0       0
      Temps:          1       0       0       0       0
      Totals:         1       0       0       0       0
Total ram usage:        1 bytes
 Hardware stack levels used:    1
 Hardware stack levels required when called:    1
 This function calls:
		Nothing
 This function is called by:
		_main
 This function uses a non-reentrant model


 *************** function _servo3_19 *****************
 Defined at:
		line 431 in file "main_brazo.c"
 Parameters:    Size  Location     Type
		None
 Auto vars:     Size  Location     Type
		None
 Return value:  Size  Location     Type
                  1    wreg      void 
 Registers used:
		wreg, status,2, btemp+1
 Tracked objects:
		On entry : 
		On exit  : 
		Unchanged: 
 Data sizes:     COMMON   BANK0   BANK1   BANK3   BANK2
      Params:         0       0       0       0       0
      Locals:         0       0       0       0       0
      Temps:          2       0       0       0       0
      Totals:         2       0       0       0       0
Total ram usage:        2 bytes
 Hardware stack levels used:    1
 Hardware stack levels required when called:    1
 This function calls:
		Nothing
 This function is called by:
		_main
 This function uses a non-reentrant model


 *************** function _servo3_18 *****************
 Defined at:
		line 443 in file "main_brazo.c"
 Parameters:    Size  Location     Type
		None
 Auto vars:     Size  Location     Type
		None
 Return value:  Size  Location     Type
                  1    wreg      void 
 Registers used:
		wreg, status,2, btemp+1
 Tracked objects:
		On entry : 
		On exit  : 
		Unchanged: 
 Data sizes:     COMMON   BANK0   BANK1   BANK3   BANK2
      Params:         0       0       0       0       0
      Locals:         0       0       0       0       0
      Temps:          2       0       0       0       0
      Totals:         2       0       0       0       0
Total ram usage:        2 bytes
 Hardware stack levels used:    1
 Hardware stack levels required when called:    1
 This function calls:
		Nothing
 This function is called by:
		_main
 This function uses a non-reentrant model


 *************** function _servo2_19 *****************
 Defined at:
		line 407 in file "main_brazo.c"
 Parameters:    Size  Location     Type
		None
 Auto vars:     Size  Location     Type
		None
 Return value:  Size  Location     Type
                  1    wreg      void 
 Registers used:
		wreg, status,2, btemp+1
 Tracked objects:
		On entry : 
		On exit  : 
		Unchanged: 
 Data sizes:     COMMON   BANK0   BANK1   BANK3   BANK2
      Params:         0       0       0       0       0
      Locals:         0       0       0       0       0
      Temps:          2       0       0       0       0
      Totals:         2       0       0       0       0
Total ram usage:        2 bytes
 Hardware stack levels used:    1
 Hardware stack levels required when called:    1
 This function calls:
		Nothing
 This function is called by:
		_main
 This function uses a non-reentrant model


 *************** function _servo2_18 *****************
 Defined at:
		line 419 in file "main_brazo.c"
 Parameters:    Size  Location     Type
		None
 Auto vars:     Size  Location     Type
		None
 Return value:  Size  Location     Type
                  1    wreg      void 
 Registers used:
		wreg, status,2, btemp+1
 Tracked objects:
		On entry : 
		On exit  : 
		Unchanged: 
 Data sizes:     COMMON   BANK0   BANK1   BANK3   BANK2
      Params:         0       0       0       0       0
      Locals:         0       0       0       0       0
      Temps:          2       0       0       0       0
      Totals:         2       0       0       0       0
Total ram usage:        2 bytes
 Hardware stack levels used:    1
 Hardware stack levels required when called:    1
 This function calls:
		Nothing
 This function is called by:
		_main
 This function uses a non-reentrant model


 *************** function _servo1_19 *****************
 Defined at:
		line 382 in file "main_brazo.c"
 Parameters:    Size  Location     Type
		None
 Auto vars:     Size  Location     Type
		None
 Return value:  Size  Location     Type
                  1    wreg      void 
 Registers used:
		wreg, status,2, btemp+1
 Tracked objects:
		On entry : 
		On exit  : 
		Unchanged: 
 Data sizes:     COMMON   BANK0   BANK1   BANK3   BANK2
      Params:         0       0       0       0       0
      Locals:         0       0       0       0       0
      Temps:          2       0       0       0       0
      Totals:         2       0       0       0       0
Total ram usage:        2 bytes
 Hardware stack levels used:    1
 Hardware stack levels required when called:    1
 This function calls:
		Nothing
 This function is called by:
		_main
 This function uses a non-reentrant model


 *************** function _servo1_18 *****************
 Defined at:
		line 394 in file "main_brazo.c"
 Parameters:    Size  Location     Type
		None
 Auto vars:     Size  Location     Type
		None
 Return value:  Size  Location     Type
                  1    wreg      void 
 Registers used:
		wreg, status,2, btemp+1
 Tracked objects:
		On entry : 
		On exit  : 
		Unchanged: 
 Data sizes:     COMMON   BANK0   BANK1   BANK3   BANK2
      Params:         0       0       0       0       0
      Locals:         0       0       0       0       0
      Temps:          2       0       0       0       0
      Totals:         2       0       0       0       0
Total ram usage:        2 bytes
 Hardware stack levels used:    1
 Hardware stack levels required when called:    1
 This function calls:
		Nothing
 This function is called by:
		_main
 This function uses a non-reentrant model


 *************** function _USART_Cadena *****************
 Defined at:
		line 470 in file "main_brazo.c"
 Parameters:    Size  Location     Type
  str             1    wreg     PTR unsigned char 
		 -> STR_7(24), STR_6(23), STR_5(24), STR_4(23), 
		 -> STR_3(24), STR_2(23), STR_1(31), 
 Auto vars:     Size  Location     Type
  str             1    4[COMMON] PTR unsigned char 
		 -> STR_7(24), STR_6(23), STR_5(24), STR_4(23), 
		 -> STR_3(24), STR_2(23), STR_1(31), 
 Return value:  Size  Location     Type
                  1    wreg      void 
 Registers used:
		wreg, fsr0l, fsr0h, status,2, status,0, pclath, cstack
 Tracked objects:
		On entry : 
		On exit  : 
		Unchanged: 
 Data sizes:     COMMON   BANK0   BANK1   BANK3   BANK2
      Params:         0       0       0       0       0
      Locals:         1       0       0       0       0
      Temps:          1       0       0       0       0
      Totals:         2       0       0       0       0
Total ram usage:        2 bytes
 Hardware stack levels used:    1
 Hardware stack levels required when called:    2
 This function calls:
		_transmision_tx
 This function is called by:
		_main
 This function uses a non-reentrant model


 *************** function _transmision_tx *****************
 Defined at:
		line 461 in file "main_brazo.c"
 Parameters:    Size  Location     Type
  data            1    wreg     unsigned char 
 Auto vars:     Size  Location     Type
  data            1    2[COMMON] unsigned char 
 Return value:  Size  Location     Type
                  1    wreg      void 
 Registers used:
		wreg
 Tracked objects:
		On entry : 
		On exit  : 
		Unchanged: 
 Data sizes:     COMMON   BANK0   BANK1   BANK3   BANK2
      Params:         0       0       0       0       0
      Locals:         1       0       0       0       0
      Temps:          0       0       0       0       0
      Totals:         1       0       0       0       0
Total ram usage:        1 bytes
 Hardware stack levels used:    1
 Hardware stack levels required when called:    1
 This function calls:
		Nothing
 This function is called by:
		_main
		_USART_Cadena
 This function uses a non-reentrant model


 *************** function _isr *****************
 Defined at:
		line 96 in file "main_brazo.c"
 Parameters:    Size  Location     Type
		None
 Auto vars:     Size  Location     Type
		None
 Return value:  Size  Location     Type
                  1    wreg      void 
 Registers used:
		None
 Tracked objects:
		On entry : 
		On exit  : 
		Unchanged: 
 Data sizes:     COMMON   BANK0   BANK1   BANK3   BANK2
      Params:         0       0       0       0       0
      Locals:         0       0       0       0       0
      Temps:          2       0       0       0       0
      Totals:         2       0       0       0       0
Total ram usage:        2 bytes
 Hardware stack levels used:    1
 This function calls:
		Nothing
 This function is called by:
		Interrupt level 1
 This function uses a non-reentrant model



MODULE INFORMATION

Module		Function		Class		Link	Load	Size
main_brazo.c
		_writeToEEPROM 		CODE           	0499	0000	25
		_servo2_18     		CODE           	03E6	0000	52
		_servo2_19     		CODE           	03B2	0000	52
		_transmision_tx		CODE           	04B2	0000	13
		_main          		CODE           	0030	0000	385
		_servo3_18     		CODE           	037E	0000	52
		_servo3_19     		CODE           	034A	0000	52
		_isr           		CODE           	04BF	0000	7
		_setup         		CODE           	02B3	0000	151
		_servo1_18     		CODE           	044A	0000	48
		_servo1_19     		CODE           	041A	0000	48
		_USART_Cadena  		CODE           	047A	0000	31

main_brazo.c estimated size: 916

shared
		__stringtab    		STRING         	0200	0000	6
		__initialization		CODE           	000F	0000	23
		_data          		STRING         	0000	0000	0
		__fptable      		ENTRY          	002A	0000	6

shared estimated size: 35

