Microchip MPLAB XC8 Compiler V2.31

Linker command line:

-W-3 --edf=C:\Program Files\Microchip\xc8\v2.31\pic\dat\en_msgs.txt -cn \
  -h+dist/default/production\Brazo_PF.X.production.sym \
  --cmf=dist/default/production\Brazo_PF.X.production.cmf -z -Q16F887 \
  -oC:\Users\ANDYBO~1\AppData\Local\Temp\s13go.2 --defsym=__MPLAB_BUILD=1 \
  -Mdist/default/production/Brazo_PF.X.production.map -E1 -ver=XC8 Compiler \
  --acfsm=1493 -ASTACK=0110h-016Fh -pstack=STACK -ACODE=00h-07FFhx4 \
  -ASTRCODE=00h-01FFFh -ASTRING=00h-0FFhx32 -ACONST=00h-0FFhx32 \
  -AENTRY=00h-0FFhx32 -ACOMMON=070h-07Fh -ABANK0=020h-06Fh \
  -ABANK1=0A0h-0EFh -ABANK2=0110h-016Fh -ABANK3=0190h-01EFh \
  -ARAM=020h-06Fh,0A0h-0EFh,0110h-016Fh,0190h-01EFh \
  -AABS1=020h-07Fh,0A0h-0EFh,0110h-016Fh,0190h-01EFh -ASFR0=00h-01Fh \
  -ASFR1=080h-09Fh -ASFR2=0100h-010Fh -ASFR3=0180h-018Fh \
  -ACONFIG=02007h-02008h -DCONFIG=2 -AIDLOC=02000h-02003h -DIDLOC=2 \
  -AEEDATA=00h-0FFh/02100h -peeprom_data=EEDATA -DEEDATA=2 -DCODE=2 \
  -DSTRCODE=2 -DSTRING=2 -DCONST=2 -DENTRY=2 \
  -preset_vec=00h,intentry=04h,init,end_init -ppowerup=CODE -pcinit=CODE \
  -pfunctab=ENTRY -k C:\Users\ANDYBO~1\AppData\Local\Temp\s13go.o \
  dist/default/production\Brazo_PF.X.production.o 

Object code version is 3.11

Machine type is 16F887



                Name                               Link     Load   Length Selector   Space Scale
C:\Users\ANDYBO~1\AppData\Local\Temp\s13go.o
                end_init                              C        C        3        8       0
                reset_vec                             0        0        3        0       0
                config                             2007     2007        2        0       4
dist/default/production\Brazo_PF.X.production.o
                cinit                                 F        F       15        8       0
                functab                              24       24        6       48       0
                intentry                              4        4        8        8       0
                config                             2007     2007        2        0       4
                text9                               1AE      1AE       84       54       0
                text8                               412      412       33       54       0
                text7                               3DF      3DF       33       54       0
                text6                               3A8      3A8       37       54       0
                text5                               371      371       37       54       0
                text4                               33A      33A       37       54       0
                text3                               303      303       37       54       0
                text2                                2A       2A      184       54       0
                text1                               232      232       7C       54       0
                maintext                            2AE      2AE       55       54       0
                cstackBANK0                          29       29        4       20       1
                cstackCOMMON                         76       76        4       70       1
                bssBANK0                             20       20        9       20       1
                bssCOMMON                            70       70        6       70       1

TOTAL           Name                               Link     Load   Length     Space
        CLASS   STACK          

        CLASS   CODE           
                end_init                              C        C        3         0
                cinit                                 F        F       15         0
                intentry                              4        4        8         0
                reset_vec                             0        0        3         0
                text9                               1AE      1AE       84         0
                text8                               412      412       33         0
                text7                               3DF      3DF       33         0
                text6                               3A8      3A8       37         0
                text5                               371      371       37         0
                text4                               33A      33A       37         0
                text3                               303      303       37         0
                text2                                2A       2A      184         0
                text1                               232      232       7C         0
                maintext                            2AE      2AE       55         0

        CLASS   STRCODE        

        CLASS   STRING         

        CLASS   CONST          

        CLASS   ENTRY          
                functab                              24       24        6         0

        CLASS   COMMON         
                cstackCOMMON                         76       76        4         1
                bssCOMMON                            70       70        6         1

        CLASS   BANK0          
                cstackBANK0                          29       29        4         1
                bssBANK0                             20       20        9         1

        CLASS   BANK1          

        CLASS   BANK2          

        CLASS   BANK3          

        CLASS   RAM            

        CLASS   ABS1           
                abs_s1                               7E       7E        2         1

        CLASS   SFR0           

        CLASS   SFR1           

        CLASS   SFR2           

        CLASS   SFR3           

        CLASS   CONFIG         
                config                             2007     2007        2         4

        CLASS   IDLOC          

        CLASS   EEDATA         



SEGMENTS        Name                           Load    Length   Top    Selector   Space  Class     Delta

                reset_vec                      000000  000003  000003         0       0  CODE        2
                intentry                       000004  000020  000024         8       0  CODE        2
                bssBANK0                       000020  00000D  00002D        20       1  BANK0       1
                functab                        000024  000006  00002A        48       0  ENTRY       2
                text2                          00002A  00041B  000445        54       0  CODE        2
                bssCOMMON                      000070  00000A  00007A        70       1  COMMON      1


UNUSED ADDRESS RANGES

        Name                Unused          Largest block    Delta
        BANK0            002D-006F             43           1
        BANK1            00A0-00EF             50           1
        BANK2            0110-016F             60           1
        BANK3            0190-01EF             60           1
        CODE             0003-0003              1           2
                         0445-1FFF            800
        COMMON           007A-007D              4           1
        CONST            0003-0003              1           2
                         0445-1FFF            100
        EEDATA           2100-21FF            100           2
        ENTRY            0003-0003              1           2
                         0445-1FFF            100
        IDLOC            2000-2003              4           2
        RAM              002D-006F             43           1
                         00A0-00EF             50
                         0110-016F             60
                         0190-01EF             60
        SFR0             0000-001F             20           1
        SFR1             0080-009F             20           1
        SFR2             0100-010F             10           1
        SFR3             0180-018F             10           1
        STACK            0110-016F             60           1
        STRCODE          0003-0003              1           2
                         0445-1FFF           1BBB
        STRING           0003-0003              1           2
                         0445-1FFF            100

                                  Symbol Table

_ADCON0bits              (abs)        001F
_ADCON1bits              (abs)        009F
_ADRESH                  (abs)        001E
_ADRESL                  (abs)        009E
_ANSELbits               (abs)        0188
_BAUDCTLbits             (abs)        0187
_CCP1CONbits             (abs)        0017
_CCP2CONbits             (abs)        001D
_CCPR1L                  (abs)        0015
_CCPR2L                  (abs)        001B
_INTCONbits              (abs)        000B
_OSCCONbits              (abs)        008F
_PIE1bits                (abs)        008C
_PIR1bits                (abs)        000C
_PORTA                   (abs)        0005
_PORTB                   (abs)        0006
_PORTC                   (abs)        0007
_PORTD                   (abs)        0008
_PORTDbits               (abs)        0008
_PORTE                   (abs)        0009
_PR2                     (abs)        0092
_RCREG                   (abs)        001A
_RCSTAbits               (abs)        0018
_SPBRG                   (abs)        0099
_SPBRGH                  (abs)        009A
_T2CONbits               (abs)        0012
_TRISAbits               (abs)        0085
_TRISBbits               (abs)        0086
_TRISCbits               (abs)        0087
_TRISDbits               (abs)        0088
_TRISE                   (abs)        0089
_TXSTAbits               (abs)        0098
__Habs1                  abs1         0054
__Hbank0                 bank0        0054
__Hbank1                 bank1        0054
__Hbank2                 bank2        0054
__Hbank3                 bank3        0054
__HbssBANK0              bssBANK0     0054
__HbssCOMMON             bssCOMMON    0054
__Hcinit                 cinit        0024
__Hclrtext               clrtext      0054
__Hcode                  code         0054
__Hcommon                common       0054
__Hconfig                config       2009
__HcstackBANK0           cstackBANK0  0054
__HcstackCOMMON          cstackCOMMON 0054
__Heeprom_data           eeprom_data  0000
__Hend_init              end_init     000F
__Hfunctab               functab      002A
__Hinit                  init         000C
__Hintentry              intentry     000C
__Hmaintext              maintext     0054
__Hpowerup               powerup      0000
__Hram                   ram          0054
__Hreset_vec             reset_vec    0003
__Hsfr0                  sfr0         0054
__Hsfr1                  sfr1         0054
__Hsfr2                  sfr2         0054
__Hsfr3                  sfr3         0054
__Hspace_0               (abs)        0445
__Hspace_1               (abs)        007A
__Hspace_2               (abs)        0000
__Hspace_3               (abs)        0000
__Hspace_4               (abs)        4010
__Hstack                 stack        0000
__Hstrings               strings      0054
__Htext                  text         0054
__Labs1                  abs1         0054
__Lbank0                 bank0        0054
__Lbank1                 bank1        0054
__Lbank2                 bank2        0054
__Lbank3                 bank3        0054
__LbssBANK0              bssBANK0     0054
__LbssCOMMON             bssCOMMON    0054
__Lcinit                 cinit        000F
__Lclrtext               clrtext      0054
__Lcode                  code         0054
__Lcommon                common       0054
__Lconfig                config       0000
__LcstackBANK0           cstackBANK0  0054
__LcstackCOMMON          cstackCOMMON 0054
__Leeprom_data           eeprom_data  0000
__Lend_init              end_init     000C
__Lfunctab               functab      0024
__Linit                  init         000C
__Lintentry              intentry     0004
__Lmaintext              maintext     0054
__Lpowerup               powerup      0000
__Lram                   ram          0054
__Lreset_vec             reset_vec    0000
__Lsfr0                  sfr0         0054
__Lsfr1                  sfr1         0054
__Lsfr2                  sfr2         0054
__Lsfr3                  sfr3         0054
__Lspace_0               (abs)        0000
__Lspace_1               (abs)        0000
__Lspace_2               (abs)        0000
__Lspace_3               (abs)        0000
__Lspace_4               (abs)        0000
__Lstack                 stack        0000
__Lstrings               strings      0054
__Ltext                  text         0054
__S0                     (abs)        0445
__S1                     (abs)        007A
__S2                     (abs)        0000
__S3                     (abs)        0000
___int_sp                stack        0000
___latbits               (abs)        0002
___sp                    stack        0000
___stackhi               (abs)        0000
___stacklo               (abs)        0000
__end_of__fptable        functab      002A
__end_of__initialization cinit        0020
__end_of_isr             text9        0232
__end_of_main            maintext     0303
__end_of_servo1_18       text8        0445
__end_of_servo1_19       text7        0412
__end_of_servo2_18       text6        03DF
__end_of_servo2_19       text5        03A8
__end_of_servo3_18       text4        0371
__end_of_servo3_19       text3        033A
__end_of_servos_loop     text2        01AE
__end_of_setup           text1        02AE
__fptable                functab      0024
__initialization         cinit        000F
__pbssBANK0              bssBANK0     0020
__pbssCOMMON             bssCOMMON    0070
__pcstackBANK0           cstackBANK0  0029
__pcstackCOMMON          cstackCOMMON 0076
__pfunctab               functab      0024
__pintentry              intentry     0004
__pmaintext              maintext     02AE
__ptext1                 text1        0232
__ptext2                 text2        002A
__ptext3                 text3        0303
__ptext4                 text4        033A
__ptext5                 text5        0371
__ptext6                 text6        03A8
__ptext7                 text7        03DF
__ptext8                 text8        0412
__ptext9                 text9        01AE
__size_of__fptable       (abs)        0000
__size_of_isr            (abs)        0000
__size_of_main           (abs)        0000
__size_of_servo1_18      (abs)        0000
__size_of_servo1_19      (abs)        0000
__size_of_servo2_18      (abs)        0000
__size_of_servo2_19      (abs)        0000
__size_of_servo3_18      (abs)        0000
__size_of_servo3_19      (abs)        0000
__size_of_servos_loop    (abs)        0000
__size_of_setup          (abs)        0000
_dato_recibido           bssBANK0     0028
_isr                     text9        01AE
_main                    maintext     02AE
_recepcion_rx            (abs)        0000
_servo1_1                bssCOMMON    0072
_servo1_18               text8        0412
_servo1_19               text7        03DF
_servo1_2                bssCOMMON    0070
_servo2_1                bssBANK0     0026
_servo2_18               text6        03A8
_servo2_19               text5        0371
_servo2_2                bssBANK0     0024
_servo3_1                bssBANK0     0022
_servo3_18               text4        033A
_servo3_19               text3        0303
_servo3_2                bssBANK0     0020
_servos_loop             text2        002A
_setup                   text1        0232
_x                       bssCOMMON    0074
btemp                    (abs)        007E
end_of_initialization    cinit        0020
fpbase                   functab      0029
fptable                  functab      0024
fptotal                  (abs)        0001
interrupt_function       intentry     0004
intlevel0                functab      0024
intlevel1                functab      0024
intlevel2                functab      0024
intlevel3                functab      0024
intlevel4                functab      0024
intlevel5                functab      0024
reset_vec                reset_vec    0000
saved_w                  (abs)        007E
start                    init         000C
start_initialization     cinit        000F
wtemp0                   (abs)        007E


FUNCTION INFORMATION:

 *************** function _main *****************
 Defined at:
		line 110 in file "main_brazo.c"
 Parameters:    Size  Location     Type
		None
 Auto vars:     Size  Location     Type
		None
 Return value:  Size  Location     Type
                  1    wreg      void 
 Registers used:
		wreg, fsr0l, fsr0h, status,2, status,0, btemp+1, pclath, cstack
 Tracked objects:
		On entry : 
		On exit  : 
		Unchanged: 
 Data sizes:     COMMON   BANK0   BANK1   BANK3   BANK2
      Params:         0       0       0       0       0
      Locals:         0       0       0       0       0
      Temps:          0       2       0       0       0
      Totals:         0       2       0       0       0
Total ram usage:        2 bytes
 Hardware stack levels required when called:    2
 This function calls:
		_servo1_18
		_servo1_19
		_servo2_18
		_servo2_19
		_servo3_18
		_servo3_19
		_servos_loop
		_setup
 This function is called by:
		Startup code after reset
 This function uses a non-reentrant model


 *************** function _setup *****************
 Defined at:
		line 155 in file "main_brazo.c"
 Parameters:    Size  Location     Type
		None
 Auto vars:     Size  Location     Type
		None
 Return value:  Size  Location     Type
                  1    wreg      void 
 Registers used:
		wreg, status,2, status,0
 Tracked objects:
		On entry : 
		On exit  : 
		Unchanged: 
 Data sizes:     COMMON   BANK0   BANK1   BANK3   BANK2
      Params:         0       0       0       0       0
      Locals:         0       0       0       0       0
      Temps:          0       1       0       0       0
      Totals:         0       1       0       0       0
Total ram usage:        1 bytes
 Hardware stack levels used:    1
 Hardware stack levels required when called:    1
 This function calls:
		Nothing
 This function is called by:
		_main
 This function uses a non-reentrant model


 *************** function _servos_loop *****************
 Defined at:
		line 338 in file "main_brazo.c"
 Parameters:    Size  Location     Type
		None
 Auto vars:     Size  Location     Type
		None
 Return value:  Size  Location     Type
                  1    wreg      void 
 Registers used:
		wreg, status,2, status,0, btemp+1
 Tracked objects:
		On entry : 
		On exit  : 
		Unchanged: 
 Data sizes:     COMMON   BANK0   BANK1   BANK3   BANK2
      Params:         0       0       0       0       0
      Locals:         0       0       0       0       0
      Temps:          0       2       0       0       0
      Totals:         0       2       0       0       0
Total ram usage:        2 bytes
 Hardware stack levels used:    1
 Hardware stack levels required when called:    1
 This function calls:
		Nothing
 This function is called by:
		_main
 This function uses a non-reentrant model


 *************** function _servo3_19 *****************
 Defined at:
		line 305 in file "main_brazo.c"
 Parameters:    Size  Location     Type
		None
 Auto vars:     Size  Location     Type
		None
 Return value:  Size  Location     Type
                  1    wreg      void 
 Registers used:
		wreg, status,2, btemp+1
 Tracked objects:
		On entry : 
		On exit  : 
		Unchanged: 
 Data sizes:     COMMON   BANK0   BANK1   BANK3   BANK2
      Params:         0       0       0       0       0
      Locals:         0       0       0       0       0
      Temps:          0       2       0       0       0
      Totals:         0       2       0       0       0
Total ram usage:        2 bytes
 Hardware stack levels used:    1
 Hardware stack levels required when called:    1
 This function calls:
		Nothing
 This function is called by:
		_main
 This function uses a non-reentrant model


 *************** function _servo3_18 *****************
 Defined at:
		line 317 in file "main_brazo.c"
 Parameters:    Size  Location     Type
		None
 Auto vars:     Size  Location     Type
		None
 Return value:  Size  Location     Type
                  1    wreg      void 
 Registers used:
		wreg, status,2, btemp+1
 Tracked objects:
		On entry : 
		On exit  : 
		Unchanged: 
 Data sizes:     COMMON   BANK0   BANK1   BANK3   BANK2
      Params:         0       0       0       0       0
      Locals:         0       0       0       0       0
      Temps:          0       2       0       0       0
      Totals:         0       2       0       0       0
Total ram usage:        2 bytes
 Hardware stack levels used:    1
 Hardware stack levels required when called:    1
 This function calls:
		Nothing
 This function is called by:
		_main
 This function uses a non-reentrant model


 *************** function _servo2_19 *****************
 Defined at:
		line 281 in file "main_brazo.c"
 Parameters:    Size  Location     Type
		None
 Auto vars:     Size  Location     Type
		None
 Return value:  Size  Location     Type
                  1    wreg      void 
 Registers used:
		wreg, status,2, btemp+1
 Tracked objects:
		On entry : 
		On exit  : 
		Unchanged: 
 Data sizes:     COMMON   BANK0   BANK1   BANK3   BANK2
      Params:         0       0       0       0       0
      Locals:         0       0       0       0       0
      Temps:          0       2       0       0       0
      Totals:         0       2       0       0       0
Total ram usage:        2 bytes
 Hardware stack levels used:    1
 Hardware stack levels required when called:    1
 This function calls:
		Nothing
 This function is called by:
		_main
 This function uses a non-reentrant model


 *************** function _servo2_18 *****************
 Defined at:
		line 293 in file "main_brazo.c"
 Parameters:    Size  Location     Type
		None
 Auto vars:     Size  Location     Type
		None
 Return value:  Size  Location     Type
                  1    wreg      void 
 Registers used:
		wreg, status,2, btemp+1
 Tracked objects:
		On entry : 
		On exit  : 
		Unchanged: 
 Data sizes:     COMMON   BANK0   BANK1   BANK3   BANK2
      Params:         0       0       0       0       0
      Locals:         0       0       0       0       0
      Temps:          0       2       0       0       0
      Totals:         0       2       0       0       0
Total ram usage:        2 bytes
 Hardware stack levels used:    1
 Hardware stack levels required when called:    1
 This function calls:
		Nothing
 This function is called by:
		_main
 This function uses a non-reentrant model


 *************** function _servo1_19 *****************
 Defined at:
		line 256 in file "main_brazo.c"
 Parameters:    Size  Location     Type
		None
 Auto vars:     Size  Location     Type
		None
 Return value:  Size  Location     Type
                  1    wreg      void 
 Registers used:
		wreg, status,2, btemp+1
 Tracked objects:
		On entry : 
		On exit  : 
		Unchanged: 
 Data sizes:     COMMON   BANK0   BANK1   BANK3   BANK2
      Params:         0       0       0       0       0
      Locals:         0       0       0       0       0
      Temps:          0       2       0       0       0
      Totals:         0       2       0       0       0
Total ram usage:        2 bytes
 Hardware stack levels used:    1
 Hardware stack levels required when called:    1
 This function calls:
		Nothing
 This function is called by:
		_main
 This function uses a non-reentrant model


 *************** function _servo1_18 *****************
 Defined at:
		line 268 in file "main_brazo.c"
 Parameters:    Size  Location     Type
		None
 Auto vars:     Size  Location     Type
		None
 Return value:  Size  Location     Type
                  1    wreg      void 
 Registers used:
		wreg, status,2, btemp+1
 Tracked objects:
		On entry : 
		On exit  : 
		Unchanged: 
 Data sizes:     COMMON   BANK0   BANK1   BANK3   BANK2
      Params:         0       0       0       0       0
      Locals:         0       0       0       0       0
      Temps:          0       2       0       0       0
      Totals:         0       2       0       0       0
Total ram usage:        2 bytes
 Hardware stack levels used:    1
 Hardware stack levels required when called:    1
 This function calls:
		Nothing
 This function is called by:
		_main
 This function uses a non-reentrant model


 *************** function _isr *****************
 Defined at:
		line 77 in file "main_brazo.c"
 Parameters:    Size  Location     Type
		None
 Auto vars:     Size  Location     Type
		None
 Return value:  Size  Location     Type
                  1    wreg      void 
 Registers used:
		wreg, status,2, status,0
 Tracked objects:
		On entry : 
		On exit  : 
		Unchanged: 
 Data sizes:     COMMON   BANK0   BANK1   BANK3   BANK2
      Params:         0       0       0       0       0
      Locals:         0       0       0       0       0
      Temps:          4       0       0       0       0
      Totals:         4       0       0       0       0
Total ram usage:        4 bytes
 Hardware stack levels used:    1
 This function calls:
		Nothing
 This function is called by:
		Interrupt level 1
 This function uses a non-reentrant model



MODULE INFORMATION

Module		Function		Class		Link	Load	Size
main_brazo.c
		_servo2_18     		CODE           	03A8	0000	55
		_servo2_19     		CODE           	0371	0000	55
		_main          		CODE           	02AE	0000	85
		_servo3_18     		CODE           	033A	0000	55
		_servo3_19     		CODE           	0303	0000	55
		_servos_loop   		CODE           	002A	0000	388
		_isr           		CODE           	01AE	0000	132
		_setup         		CODE           	0232	0000	124
		_servo1_18     		CODE           	0412	0000	51
		_servo1_19     		CODE           	03DF	0000	51

main_brazo.c estimated size: 1051

shared
		__initialization		CODE           	000F	0000	17
		__fptable      		ENTRY          	0024	0000	6

shared estimated size: 23

